2
3
5
541
7919
104729
1299709
15485863
41161739
179424673
