Biggest group size: 4
Biggest group size: 3
Biggest group size: 3
Biggest group size: 5
Biggest group size: 6
Biggest group size: 10
Biggest group size: 311
