13
7
92999
3211
22970753
88842
3299
12345
3583
3581
