0
0
229
7728
2069
4990
5205
4701
8473
825
5498
446
7751